<?xml version="1.0" encoding="utf-8"?><testsuites><testsuite name="pytest" errors="0" failures="0" skipped="0" tests="4" time="19.287" timestamp="2023-09-23T14:28:24.477421" hostname="Fabian"><testcase classname="tests.api.test_api.TestBatchPipeline" name="test_should_failed_unkown_column_1" time="0.138" /><testcase classname="tests.api.test_api.TestBatchPipeline" name="test_should_failed_unkown_column_2" time="0.005" /><testcase classname="tests.api.test_api.TestBatchPipeline" name="test_should_failed_unkown_column_3" time="0.006" /><testcase classname="tests.api.test_api.TestBatchPipeline" name="test_should_get_predict" time="0.015" /></testsuite></testsuites>